// Jest Snapshot v1, https://goo.gl/fbAQLP

exports[`renders correctly when there are no items 1`] = `
<div
  className="Header"
>
  <img
    alt="logo"
    src="test-file-stub"
  />
</div>
`;

exports[`renders correctly when there are no items 2`] = `
<div
  className="container"
>
  <div
    className="Wizard"
  >
    <div
      className="connecting-line"
    />
    <div
      className="BarBar"
    />
    <div
      className="WizardStep"
    >
      <img
        alt="step1"
        className="StepImage"
        src="test-file-stub"
      />
      <div
        className="HideOnSmall"
      >
        <p
          className="StepLabelBoldActive"
        >
          STEP 
          1
          :
           
        </p>
        <p
          className="StepLabelSemiBoldActive"
        >
          CREATE YOUR ACCOUNT PASSWORD
        </p>
      </div>
    </div>
    <div
      className="WizardStep"
    >
      <img
        alt="step2"
        className="StepImage"
        src="test-file-stub"
      />
      <div
        className="HideOnSmall"
      >
        <p
          className="StepLabelBold"
        >
          STEP 
          2
          :
           
        </p>
        <p
          className="StepLabelSemiBold"
        >
          PERSONAL INFORMATION
        </p>
      </div>
    </div>
    <div
      className="WizardStep"
    >
      <img
        alt="step3"
        className="StepImage"
        src="test-file-stub"
      />
      <div
        className="HideOnSmall"
      >
        <p
          className="StepLabelBold"
        >
          STEP 
          3
          :
           
        </p>
        <p
          className="StepLabelSemiBold"
        >
          EMPLOYMENT DETAILS
        </p>
      </div>
    </div>
    <div
      className="WizardStep"
    >
      <img
        alt="step4"
        className="StepImage"
        src="test-file-stub"
      />
      <div
        className="HideOnSmall"
      >
        <p
          className="StepLabelBold"
        >
          STEP 
          4
          :
           
        </p>
        <p
          className="StepLabelSemiBold"
        >
          UPLOAD DOCUMENTS
        </p>
      </div>
    </div>
    <div
      className="WizardStep"
    >
      <img
        alt="step5"
        className="StepImage"
        src="test-file-stub"
      />
      <div
        className="HideOnSmall"
      >
        <p
          className="StepLabelBold"
        >
          STEP 
          5
          :
           
        </p>
        <p
          className="StepLabelSemiBold"
        >
          COMPLETE
        </p>
      </div>
    </div>
  </div>
  <div>
    <div
      className="WizardForm"
    >
      <div
        className="FormHeader"
      >
        <label
          className="FormHeaderTitle"
        >
          CREATE YOUR ACCOUNT
        </label>
      </div>
      <div
        className="FormPadding"
      >
        <div>
          <p
            className="FormDescription"
          >
            Because there will be documents that you need to prepare to apply for the loan, let's start off by creating a password so that you can login to your account once you have these document ready.
          </p>
        </div>
        <div>
          <div
            className="FormInputs"
          >
            <div
              className="AvatarUpload"
            >
              <img
                alt="avatar"
                className="AvatarPreview"
                src="test-file-stub"
              />
              <input
                className="AvatarInput"
                onChange={[Function]}
                type="file"
              />
              <button
                className="UploadButton"
                onClick={[Function]}
                type="file"
              >
                Upload
              </button>
            </div>
            <div
              className="FormInputsHolder"
            >
              <div
                className="FormRow1"
              >
                <div
                  className="Row"
                >
                  <label
                    className="FormLabel"
                  >
                    NAME
                  </label>
                  <input
                    className="FormInput"
                    onChange={[Function]}
                    type="text"
                  />
                </div>
                <div
                  className="Row"
                >
                  <label
                    className="FormLabel"
                  >
                    EMAIL
                  </label>
                  <input
                    className="FormInput"
                    onChange={[Function]}
                    type="text"
                  />
                </div>
                <div
                  className="Row"
                >
                  <label
                    className="FormLabel"
                  >
                    PASSWORD
                  </label>
                  <input
                    className="FormInput"
                    onChange={[Function]}
                    type="password"
                  />
                </div>
                <div
                  className="Row"
                >
                  <label
                    className="FormLabel"
                  >
                    CONFIRM PASSWORD
                  </label>
                  <input
                    className="FormInput"
                    onChange={[Function]}
                    type="password"
                  />
                </div>
              </div>
            </div>
          </div>
          <div
            className="FormFooter"
          >
            <button
              className="Button"
              onClick={[Function]}
            >
              <span
                className="SubmitBtnLabel"
              >
                SAVE & NEXT
              </span>
              <img
                alt="arrowBtn"
                className="SubmitBtnImg"
                src="test-file-stub"
              />
            </button>
          </div>
        </div>
      </div>
    </div>
  </div>
</div>
`;
